Начало раскроя...
Обработка артикула 1...
Всего заготовок для раскроя: 7500 
Обработка артикула 2...
Всего заготовок для раскроя: 32500 
Обработка артикула 3...
Всего заготовок для раскроя: 23000 
Обработка артикула 4...
Всего заготовок для раскроя: 15500 
Обработка артикула 5...
Всего заготовок для раскроя: 35500 
Обработка артикула 6...
Всего заготовок для раскроя: 35500 
Обработка артикула 7...
Всего заготовок для раскроя: 42000 
Обработка артикула 8...
Всего заготовок для раскроя: 16500 
Обработка артикула 9...
Всего заготовок для раскроя: 22000 
Total time: 2.941457 sec
Результаты сохранены в файл cutting_results.txt
