Начало раскроя MPI (10 процессов)...
Процесс 1 начал раскрой артилка 0
Процесс 2 начал раскрой артилка 1
Процесс 3 начал раскрой артилка 2
Процесс 4 начал раскрой артилка 3
Процесс 5 начал раскрой артилка 5
Процесс 6 начал раскрой артилка 0
Процесс 7 начал раскрой артилка 6
Процесс 8 начал раскрой артилка 7
Процесс 9 начал раскрой артилка 8
Всего заготовок для раскроя: 7500 
Всего заготовок для раскроя: 15500 
Всего заготовок для раскроя: 16500 
Всего заготовок для раскроя: 22000 
Всего заготовок для раскроя: 23000 
Всего заготовок для раскроя: 32500 
Всего заготовок для раскроя: 35500 
Всего заготовок для раскроя: 35500 
Всего заготовок для раскроя: 42000 
Total time: 7.952461 sec
Результаты сохранены в файл cutting_results.txt
