Hello from processor node-3[6] 2 of 3
[2] Idle
Hello from processor node-1[6] 0 of 3
Hello from processor node-2[6] 1 of 3
[0]     10     11     12   1033
[0]     10     11     12   1033
[0]     10     11     12   1033
[0]     10     11     12   1033
[0] Time = 0.030829  Data =       800 KByte
[0] Bandwith[0] = 25.341578 MByte/sek
[0]     10     11     12   2057
[0]     10     11     12   2057
[0]     10     11     12   2057
[0]     10     11     12   2057
[0] Time = 0.022491  Data =      1600 KByte
[0] Bandwith[1] = 69.473358 MByte/sek
[0]     10     11     12   4105
[0]     10     11     12   4105
[0]     10     11     12   4105
[0]     10     11     12   4105
[0] Time = 0.025179  Data =      3200 KByte
[0] Bandwith[2] = 124.110101 MByte/sek
[0]     10     11     12   8201
[0]     10     11     12   8201
[0]     10     11     12   8201
[0]     10     11     12   8201
[0] Time = 0.037990  Data =      6400 KByte
[0] Bandwith[3] = 164.517239 MByte/sek
[0]     10     11     12  16393
[0]     10     11     12  16393
[0]     10     11     12  16393
[0]     10     11     12  16393
[0] Time = 0.102714  Data =     12800 KByte
[0] Bandwith[4] = 121.697342 MByte/sek
[0]     10     11     12  32777
[0]     10     11     12  32777
[0]     10     11     12  32777
[0]     10     11     12  32777
[0] Time = 0.132296  Data =     25600 KByte
[0] Bandwith[5] = 188.970624 MByte/sek
[0]     10     11     12  65545
[0]     10     11     12  65545
[0]     10     11     12  65545
[0]     10     11     12  65545
[0] Time = 0.185709  Data =     51200 KByte
[0] Bandwith[6] = 269.238853 MByte/sek
[0]     10     11     12 131081
[0]     10     11     12 131081
[0]     10     11     12 131081
[0]     10     11     12 131081
[0] Time = 0.301170  Data =    102400 KByte
[0] Bandwith[7] = 332.038550 MByte/sek
[0]     10     11     12 262153
[0]     10     11     12 262153
[0]     10     11     12 262153
[0]     10     11     12 262153
[0] Time = 1.651044  Data =    204800 KByte
[0] Bandwith[8] = 121.135453 MByte/sek
[0]     10     11     12 524297
[0]     10     11     12 524297
[0]     10     11     12 524297
[0]     10     11     12 524297
[0] Time = 2.112849  Data =    409600 KByte
[0] Bandwith[9] = 189.317805 MByte/sek
[0]     10     11     12 1048585
[0]     10     11     12 1048585
[0]     10     11     12 1048585
[0]     10     11     12 1048585
[0] Time = 5.574320  Data =    819200 KByte
[0] Bandwith[10] = 143.515251 MByte/sek
